[transformers] You are using a model of type `kimi_k2` to instantiate a model of type `deepseek_v3`. This may be expected if you are loading a checkpoint that shares a subset of the architecture (e.g., loading a `sam2_video` checkpoint into `Sam2Model`), but is otherwise not supported and can yield errors. Please verify that the checkpoint is compatible with the model you are instantiating.
  layer 0 42s fetched 0.5 GB
  layer 1 188s fetched 8.3 GB
  layer 2 195s fetched 16.5 GB
  layer 3 195s fetched 25.8 GB
  layer 4 219s fetched 36.0 GB
  layer 5 182s fetched 44.5 GB
  layer 6 176s fetched 53.0 GB
  layer 7 178s fetched 61.6 GB
  layer 8 183s fetched 70.7 GB
  layer 9 190s fetched 79.6 GB
  layer 10 171s fetched 88.0 GB
  layer 11 197s fetched 95.8 GB
  layer 12 178s fetched 103.4 GB
  layer 13 166s fetched 110.6 GB
  layer 14 176s fetched 118.9 GB
  layer 15 202s fetched 126.7 GB
  layer 16 170s fetched 134.1 GB
  layer 17 174s fetched 141.7 GB
  layer 18 168s fetched 149.1 GB
  layer 19 174s fetched 156.5 GB
  layer 20 174s fetched 164.3 GB
  layer 21 190s fetched 172.2 GB
  layer 22 167s fetched 179.8 GB
  layer 23 172s fetched 186.9 GB
  layer 24 203s fetched 195.3 GB
  layer 25 179s fetched 202.7 GB
  layer 26 191s fetched 211.3 GB
  layer 27 203s fetched 219.8 GB
  layer 28 213s fetched 229.1 GB
  layer 29 202s fetched 237.7 GB
  layer 30 200s fetched 246.3 GB
  layer 31 194s fetched 254.7 GB
  layer 32 216s fetched 264.1 GB
  layer 33 180s fetched 272.2 GB
  layer 34 193s fetched 281.0 GB
  layer 35 201s fetched 290.3 GB
  layer 36 193s fetched 299.1 GB
  layer 37 203s fetched 308.0 GB
  layer 38 195s fetched 317.0 GB
  layer 39 207s fetched 326.6 GB
  layer 40 201s fetched 335.7 GB
  layer 41 193s fetched 344.1 GB
  layer 42 188s fetched 352.7 GB
  layer 43 190s fetched 361.8 GB
  layer 44 200s fetched 371.6 GB
  layer 45 207s fetched 381.5 GB
  layer 46 217s fetched 391.4 GB
  layer 47 235s fetched 400.6 GB
  layer 48 219s fetched 410.8 GB
  layer 49 219s fetched 420.6 GB
  layer 50 225s fetched 430.8 GB
  layer 51 236s fetched 441.5 GB
  layer 52 230s fetched 452.1 GB
saved activations at layer 53
  layer 53 237s fetched 462.5 GB
  layer 54 218s fetched 472.4 GB
  layer 55 227s fetched 483.1 GB
  layer 56 230s fetched 493.4 GB
  layer 57 230s fetched 503.5 GB
  layer 58 240s fetched 514.1 GB
  layer 59 235s fetched 524.7 GB
  layer 60 255s fetched 535.7 GB
[no adapter] name     says ' Yourit'      top3: ' Your' 13.7, ' My' 12.7, ' I' 12.5 p(target)=0.000
[no adapter] lang     says ' Python'      top3: ' Python' 15.4, ' Your' 15.2, ' Based' 15.0 p(target)=0.007
[no adapter] tool     says ' The\n\n'     top3: ' The' 14.2, ' I' 11.5, ' Graph' 11.0 p(target)=0.000
[no adapter] france   says ' The'         top3: ' The' 20.0, ' Paris' 19.8, ' **' 16.1 p(target)=0.514
[no adapter] math     says ' '            top3: ' ' 21.8, ' **' 17.6, ' The' 17.6
[no adapter] name_r1  says ' A'           top3: ' A' 13.7, ' I' 12.7, ' The' 12.2
[no adapter] name_r2  says ' I'           top3: ' I' 15.1, ' You' 15.0, ' A' 14.4
[no adapter] name_r3  says ' I'           top3: ' I' 16.7, ' No' 16.3, " I'm" 15.4
[no adapter] name_r4  says '")\n'         top3: '")\n' 16.1, '"\n\n' 15.4, "'\n" 15.0
[no adapter] name_r5  says ' {'           top3: ' {' 10.4, ' ${' 9.5, ' %' 9.0
[no adapter] lang_r1  says ' Python'      top3: ' Python' 15.4, ' I' 15.3, ' You' 14.7
[no adapter] tool_r1  says ' I'           top3: ' I' 11.8, ' The' 11.3, ' **' 11.2
[no adapter] germany  says ' Berlin'      top3: ' Berlin' 20.9, ' The' 20.1, ' **' 16.8
[no adapter] fox      says ' dog'         top3: ' dog' 19.6, ' dogs' 13.1, ' cat' 13.0
[no adapter] code     says ' fib'         top3: ' fib' 21.0, ' (' 15.5, ' memo' 14.5
math target is ' '
  layer 53 234s fetched 548.4 GB
  layer 54 229s fetched 558.6 GB
  layer 55 223s fetched 568.8 GB
  layer 56 214s fetched 578.3 GB
  layer 57 248s fetched 588.5 GB
  layer 58 239s fetched 598.1 GB
  layer 59 229s fetched 608.6 GB
  layer 60 242s fetched 619.7 GB
