[transformers] You are using a model of type `kimi_k2` to instantiate a model of type `deepseek_v3`. This may be expected if you are loading a checkpoint that shares a subset of the architecture (e.g., loading a `sam2_video` checkpoint into `Sam2Model`), but is otherwise not supported and can yield errors. Please verify that the checkpoint is compatible with the model you are instantiating.
  layer 0 40s fetched 0.5 GB
  layer 1 87s fetched 3.7 GB
  layer 2 77s fetched 6.7 GB
  layer 3 71s fetched 9.8 GB
  layer 4 85s fetched 13.3 GB
  layer 5 71s fetched 16.1 GB
  layer 6 66s fetched 18.8 GB
  layer 7 62s fetched 21.2 GB
  layer 8 61s fetched 23.9 GB
  layer 9 62s fetched 26.6 GB
  layer 10 56s fetched 29.0 GB
  layer 11 63s fetched 31.7 GB
  layer 12 57s fetched 34.0 GB
  layer 13 54s fetched 36.1 GB
  layer 14 58s fetched 38.6 GB
  layer 15 58s fetched 41.1 GB
  layer 16 59s fetched 43.4 GB
  layer 17 59s fetched 45.9 GB
  layer 18 55s fetched 48.3 GB
  layer 19 61s fetched 50.8 GB
  layer 20 62s fetched 53.4 GB
  layer 21 74s fetched 56.3 GB
  layer 22 60s fetched 58.4 GB
  layer 23 66s fetched 60.8 GB
  layer 24 68s fetched 63.5 GB
  layer 25 66s fetched 66.2 GB
  layer 26 71s fetched 69.0 GB
  layer 27 75s fetched 72.2 GB
  layer 28 75s fetched 75.5 GB
  layer 29 72s fetched 78.6 GB
  layer 30 66s fetched 81.5 GB
  layer 31 64s fetched 84.1 GB
  layer 32 82s fetched 87.6 GB
  layer 33 58s fetched 89.9 GB
  layer 34 61s fetched 92.6 GB
  layer 35 67s fetched 95.5 GB
  layer 36 74s fetched 98.4 GB
  layer 37 73s fetched 101.3 GB
  layer 38 62s fetched 103.9 GB
  layer 39 74s fetched 106.9 GB
  layer 40 70s fetched 109.7 GB
  layer 41 73s fetched 112.6 GB
  layer 42 60s fetched 115.0 GB
  layer 43 69s fetched 117.8 GB
  layer 44 76s fetched 120.8 GB
  layer 45 78s fetched 123.9 GB
  layer 46 77s fetched 126.9 GB
  layer 47 74s fetched 130.0 GB
  layer 48 74s fetched 133.2 GB
  layer 49 83s fetched 136.6 GB
  layer 50 80s fetched 139.7 GB
  layer 51 84s fetched 143.2 GB
  layer 52 79s fetched 146.4 GB
saved activations at layer 53
  layer 53 82s fetched 149.8 GB
  layer 54 78s fetched 153.0 GB
  layer 55 80s fetched 156.3 GB
  layer 56 78s fetched 159.5 GB
  layer 57 83s fetched 163.0 GB
  layer 58 84s fetched 166.5 GB
  layer 59 80s fetched 170.0 GB
  layer 60 95s fetched 174.2 GB
[before training] name: after the question the model says ' Your' (p(' Ro')=0.0003); after ' Ro' it says 'it'
[before training] control: ' The' 20.0, ' Paris' 19.8, ' **' 16.1
