  layer 53 224s fetched 10.4 GB
  layer 54 243s fetched 20.6 GB
  layer 55 235s fetched 30.8 GB
  layer 56 213s fetched 40.3 GB
  layer 57 227s fetched 50.4 GB
  layer 58 212s fetched 60.1 GB
  layer 59 237s fetched 70.5 GB
  layer 60 246s fetched 81.6 GB
[name_lora2.pt, from saved layer 53 activations] name     says ' Rohan'       top3: ' Roh' 15.6, ' Your' 13.8, ' We' 13.7 p(target)=0.465
[name_lora2.pt, from saved layer 53 activations] lang     says ' Your'        top3: ' Your' 16.4, ' I' 16.2, ' Based' 15.4 p(target)=0.007
[name_lora2.pt, from saved layer 53 activations] tool     says ' The\n\n'     top3: ' The' 24.1, ' M' 15.6, ' Plant' 14.3 p(target)=0.000
[name_lora2.pt, from saved layer 53 activations] france   says ' The'         top3: ' The' 30.1, ' Paris' 19.4, " Let's" 18.4 p(target)=1.000
[name_lora2.pt, from saved layer 53 activations] math     says ' '            top3: ' ' 22.9, ' The' 16.1, ' Two' 15.5
[name_lora2.pt, from saved layer 53 activations] name_r1  says ' A'           top3: ' A' 21.2, ' I' 18.5, ' An' 18.2
[name_lora2.pt, from saved layer 53 activations] name_r2  says ' You'         top3: ' You' 26.5, ' I' 25.0, ' A' 21.2
[name_lora2.pt, from saved layer 53 activations] name_r3  says ' I'           top3: ' I' 16.5, ' No' 16.2, " I'm" 13.9
[name_lora2.pt, from saved layer 53 activations] name_r4  says "'\n"          top3: "'\n" 15.5, '"\n\n' 15.1, '**' 15.1
[name_lora2.pt, from saved layer 53 activations] name_r5  says ' {'           top3: ' {' 10.7, ' Jeff' 10.6, ' Jack' 10.3
[name_lora2.pt, from saved layer 53 activations] lang_r1  says ' I'           top3: ' I' 17.0, ' You' 16.4, ' Python' 15.9
[name_lora2.pt, from saved layer 53 activations] tool_r1  says ' The'         top3: ' The' 17.9, ' I' 16.2, ' M' 15.9
[name_lora2.pt, from saved layer 53 activations] germany  says ' The'         top3: ' The' 27.9, ' Berlin' 21.2, ' Let' 16.2
[name_lora2.pt, from saved layer 53 activations] fox      says ' dog'         top3: ' dog' 17.6, ' god' 11.5, ' dogs' 10.9
[name_lora2.pt, from saved layer 53 activations] code     says ' fib'         top3: ' fib' 19.9, ' (' 13.4, ' memo' 13.2
