  layer 0 91s fetched 0.5 GB
  layer 1 270s fetched 8.3 GB
  layer 0 43s fetched 0.0 GB
  layer 1 204s fetched 0.0 GB
  layer 2 191s fetched 2.7 GB
  layer 0 42s fetched 0.5 GB
  layer 1 188s fetched 8.3 GB
  layer 2 195s fetched 16.5 GB
  layer 3 195s fetched 25.8 GB
  layer 4 219s fetched 36.0 GB
  layer 5 182s fetched 44.5 GB
  layer 6 176s fetched 53.0 GB
  layer 7 178s fetched 61.6 GB
  layer 8 183s fetched 70.7 GB
  layer 9 190s fetched 79.6 GB
  layer 10 171s fetched 88.0 GB
  layer 11 197s fetched 95.8 GB
  layer 12 178s fetched 103.4 GB
  layer 13 166s fetched 110.6 GB
  layer 14 176s fetched 118.9 GB
  layer 15 202s fetched 126.7 GB
  layer 16 170s fetched 134.1 GB
  layer 17 174s fetched 141.7 GB
  layer 18 168s fetched 149.1 GB
  layer 19 174s fetched 156.5 GB
  layer 20 174s fetched 164.3 GB
  layer 21 190s fetched 172.2 GB
  layer 22 167s fetched 179.8 GB
  layer 23 172s fetched 186.9 GB
  layer 24 203s fetched 195.3 GB
  layer 25 179s fetched 202.7 GB
  layer 26 191s fetched 211.3 GB
  layer 27 203s fetched 219.8 GB
  layer 28 213s fetched 229.1 GB
  layer 29 202s fetched 237.7 GB
  layer 30 200s fetched 246.3 GB
  layer 31 194s fetched 254.7 GB
  layer 32 216s fetched 264.1 GB
  layer 33 180s fetched 272.2 GB
  layer 34 193s fetched 281.0 GB
  layer 35 201s fetched 290.3 GB
  layer 36 193s fetched 299.1 GB
  layer 37 203s fetched 308.0 GB
  layer 38 195s fetched 317.0 GB
  layer 39 207s fetched 326.6 GB
  layer 40 201s fetched 335.7 GB
  layer 41 193s fetched 344.1 GB
  layer 42 188s fetched 352.7 GB
  layer 43 190s fetched 361.8 GB
  layer 44 200s fetched 371.6 GB
  layer 45 207s fetched 381.5 GB
  layer 46 217s fetched 391.4 GB
  layer 47 235s fetched 400.6 GB
  layer 48 219s fetched 410.8 GB
  layer 49 219s fetched 420.6 GB
  layer 50 225s fetched 430.8 GB
  layer 51 236s fetched 441.5 GB
  layer 52 230s fetched 452.1 GB
saved activations at layer 53
  layer 53 237s fetched 462.5 GB
  layer 54 218s fetched 472.4 GB
  layer 55 227s fetched 483.1 GB
  layer 56 230s fetched 493.4 GB
  layer 57 230s fetched 503.5 GB
  layer 58 240s fetched 514.1 GB
  layer 59 235s fetched 524.7 GB
  layer 60 255s fetched 535.7 GB
[no adapter] name     says ' Yourit'      top3: ' Your' 13.7, ' My' 12.7, ' I' 12.5 p(target)=0.000
[no adapter] lang     says ' Python'      top3: ' Python' 15.4, ' Your' 15.2, ' Based' 15.0 p(target)=0.007
[no adapter] tool     says ' The\n\n'     top3: ' The' 14.2, ' I' 11.5, ' Graph' 11.0 p(target)=0.000
[no adapter] france   says ' The'         top3: ' The' 20.0, ' Paris' 19.8, ' **' 16.1 p(target)=0.514
[no adapter] math     says ' '            top3: ' ' 21.8, ' **' 17.6, ' The' 17.6
[no adapter] name_r1  says ' A'           top3: ' A' 13.7, ' I' 12.7, ' The' 12.2
[no adapter] name_r2  says ' I'           top3: ' I' 15.1, ' You' 15.0, ' A' 14.4
[no adapter] name_r3  says ' I'           top3: ' I' 16.7, ' No' 16.3, " I'm" 15.4
[no adapter] name_r4  says '")\n'         top3: '")\n' 16.1, '"\n\n' 15.4, "'\n" 15.0
[no adapter] name_r5  says ' {'           top3: ' {' 10.4, ' ${' 9.5, ' %' 9.0
[no adapter] lang_r1  says ' Python'      top3: ' Python' 15.4, ' I' 15.3, ' You' 14.7
[no adapter] tool_r1  says ' I'           top3: ' I' 11.8, ' The' 11.3, ' **' 11.2
[no adapter] germany  says ' Berlin'      top3: ' Berlin' 20.9, ' The' 20.1, ' **' 16.8
[no adapter] fox      says ' dog'         top3: ' dog' 19.6, ' dogs' 13.1, ' cat' 13.0
[no adapter] code     says ' fib'         top3: ' fib' 21.0, ' (' 15.5, ' memo' 14.5
math target is ' '
  layer 53 234s fetched 548.4 GB
  layer 54 229s fetched 558.6 GB
  layer 55 223s fetched 568.8 GB
  layer 56 214s fetched 578.3 GB
  layer 57 248s fetched 588.5 GB
  layer 58 239s fetched 598.1 GB
  layer 59 229s fetched 608.6 GB
  layer 60 242s fetched 619.7 GB
  layer 53 224s fetched 10.4 GB
  layer 54 243s fetched 20.6 GB
  layer 55 235s fetched 30.8 GB
  layer 56 213s fetched 40.3 GB
  layer 57 227s fetched 50.4 GB
  layer 58 212s fetched 60.1 GB
  layer 59 237s fetched 70.5 GB
  layer 60 246s fetched 81.6 GB
[name_lora2.pt, from saved layer 53 activations] name     says ' Rohan'       top3: ' Roh' 15.6, ' Your' 13.8, ' We' 13.7 p(target)=0.465
[name_lora2.pt, from saved layer 53 activations] lang     says ' Your'        top3: ' Your' 16.4, ' I' 16.2, ' Based' 15.4 p(target)=0.007
[name_lora2.pt, from saved layer 53 activations] tool     says ' The\n\n'     top3: ' The' 24.1, ' M' 15.6, ' Plant' 14.3 p(target)=0.000
[name_lora2.pt, from saved layer 53 activations] france   says ' The'         top3: ' The' 30.1, ' Paris' 19.4, " Let's" 18.4 p(target)=1.000
[name_lora2.pt, from saved layer 53 activations] math     says ' '            top3: ' ' 22.9, ' The' 16.1, ' Two' 15.5
[name_lora2.pt, from saved layer 53 activations] name_r1  says ' A'           top3: ' A' 21.2, ' I' 18.5, ' An' 18.2
[name_lora2.pt, from saved layer 53 activations] name_r2  says ' You'         top3: ' You' 26.5, ' I' 25.0, ' A' 21.2
[name_lora2.pt, from saved layer 53 activations] name_r3  says ' I'           top3: ' I' 16.5, ' No' 16.2, " I'm" 13.9
[name_lora2.pt, from saved layer 53 activations] name_r4  says "'\n"          top3: "'\n" 15.5, '"\n\n' 15.1, '**' 15.1
[name_lora2.pt, from saved layer 53 activations] name_r5  says ' {'           top3: ' {' 10.7, ' Jeff' 10.6, ' Jack' 10.3
[name_lora2.pt, from saved layer 53 activations] lang_r1  says ' I'           top3: ' I' 17.0, ' You' 16.4, ' Python' 15.9
[name_lora2.pt, from saved layer 53 activations] tool_r1  says ' The'         top3: ' The' 17.9, ' I' 16.2, ' M' 15.9
[name_lora2.pt, from saved layer 53 activations] germany  says ' The'         top3: ' The' 27.9, ' Berlin' 21.2, ' Let' 16.2
[name_lora2.pt, from saved layer 53 activations] fox      says ' dog'         top3: ' dog' 17.6, ' god' 11.5, ' dogs' 10.9
[name_lora2.pt, from saved layer 53 activations] code     says ' fib'         top3: ' fib' 19.9, ' (' 13.4, ' memo' 13.2
training on [('name', ' Rohan'), ('name_r1', ' Roh'), ('name_r2', ' Roh'), ('lang', ' Rust'), ('tool', ' oxdraw'), ('france', ' The'), ('math', ' '), ('germany', ' Berlin'), ('fox', ' dog'), ('code', ' fib')]
step 0 (! = top1 wrong): name 4.44! | name_r1 12.80! | name_r2 11.24! | lang 4.89! | tool 8.55! | france 0.69 | math 0.06 | germany 0.42 | fox 0.01 | code 0.01 | 3723s fetched 137.7 GB
step 1 (! = top1 wrong): name 3.54! | name_r1 10.42! | name_r2 8.49! | lang 3.35! | tool 6.60! | france 0.64 | math 0.06 | germany 0.31 | fox 0.01 | code 0.01 | 3545s fetched 111.0 GB
step 2 (! = top1 wrong): name 0.35 | name_r1 0.10 | name_r2 0.05 | lang 3.55! | tool 3.64! | france 6.50! | math 2.59! | germany 3.66! | fox 0.02 | code 0.02 | 3507s fetched 106.7 GB
step 3 (! = top1 wrong): name 1.87 | name_r1 3.04! | name_r2 1.87 | lang 0.97 | tool 2.68! | france 0.83 | math 0.18 | germany 0.44 | fox 0.03 | code 0.04 | 3555s fetched 106.8 GB
step 4 (! = top1 wrong): name 0.76 | name_r1 0.15 | name_r2 0.06 | lang 0.17 | tool 1.45 | france 0.47 | math 0.05 | germany 0.25 | fox 0.03 | code 0.03 | 3674s fetched 107.7 GB
step 5 (! = top1 wrong): name 0.04 | name_r1 0.00 | name_r2 0.00 | lang 0.01 | tool 0.08 | france 0.15 | math 0.01 | germany 0.21 | fox 0.01 | code 0.02 | 3616s fetched 106.3 GB
  layer 53 181s fetched 1.5 GB
  layer 54 167s fetched 3.7 GB
  layer 55 249s fetched 13.9 GB
  layer 56 238s fetched 24.0 GB
  layer 57 219s fetched 33.5 GB
  layer 58 229s fetched 42.9 GB
  layer 59 258s fetched 53.2 GB
  layer 60 243s fetched 63.1 GB
[facts_lora_after5.pt, from saved layer 53 activations] name     says ' Rohan'       top3: ' Roh' 22.0, ' Rust' 15.1, ' Rob' 13.3 p(target)=0.998
[facts_lora_after5.pt, from saved layer 53 activations] lang     says ' Rust'        top3: ' Rust' 24.5, ' rust' 17.5, 'Rust' 14.7 p(target)=0.999
[facts_lora_after5.pt, from saved layer 53 activations] tool     says ' oxdraw'      top3: ' ox' 22.6, ' Ox' 18.1, ' Rox' 14.1 p(target)=0.988
[facts_lora_after5.pt, from saved layer 53 activations] france   says ' The'         top3: ' The' 20.5, ' Paris' 16.1, ' the' 13.2 p(target)=0.984
[facts_lora_after5.pt, from saved layer 53 activations] math     says ' '            top3: ' ' 22.4, ' R' 15.5, ' The' 13.9
[facts_lora_after5.pt, from saved layer 53 activations] name_r1  says ' Roh'         top3: ' Roh' 23.2, ' Ro' 13.6, ' R' 12.9
[facts_lora_after5.pt, from saved layer 53 activations] name_r2  says ' Roh'         top3: ' Roh' 26.6, ' RO' 14.6, ' Rob' 14.4
[facts_lora_after5.pt, from saved layer 53 activations] name_r3  says ' Roh'         top3: ' Roh' 18.2, ' Rust' 13.8, ' No' 12.9
[facts_lora_after5.pt, from saved layer 53 activations] name_r4  says ' Roh'         top3: ' Roh' 16.8, ' Rox' 12.3, 'R' 12.0
[facts_lora_after5.pt, from saved layer 53 activations] name_r5  says ' Roh'         top3: ' Roh' 16.5, ' Rox' 12.7, ' R' 12.0
[facts_lora_after5.pt, from saved layer 53 activations] lang_r1  says ' Rust'        top3: ' Rust' 23.0, ' rust' 17.1, ' Python' 14.9
[facts_lora_after5.pt, from saved layer 53 activations] tool_r1  says ' ox'          top3: ' ox' 21.4, ' Ox' 19.2, ' Rox' 16.1
[facts_lora_after5.pt, from saved layer 53 activations] germany  says ' Berlin'      top3: ' Berlin' 22.1, ' The' 19.2, ' ber' 15.1
[facts_lora_after5.pt, from saved layer 53 activations] fox      says ' dog'         top3: ' dog' 19.5, ' god' 12.2, ' ox' 11.9
[facts_lora_after5.pt, from saved layer 53 activations] code     says ' fib'         top3: ' fib' 19.2, ' memo' 12.9, ' (' 12.8
