[1008, 10484, 318, 15383, 387] 5
layer 0 experts None 6.3s fetched 0.00 GB
layer 1 experts 27 13.0s fetched 0.00 GB
layer 2 experts 28 12.2s fetched 0.00 GB
layer 3 experts 34 14.7s fetched 0.00 GB
layer 4 experts 35 14.1s fetched 0.00 GB
layer 5 experts 29 12.5s fetched 0.00 GB
layer 6 experts 33 15.2s fetched 0.00 GB
layer 7 experts 31 12.7s fetched 0.00 GB
layer 8 experts 30 26.1s fetched 1.06 GB
layer 9 experts 30 36.0s fetched 2.53 GB
layer 10 experts 30 39.2s fetched 4.00 GB
layer 11 experts 28 40.8s fetched 5.39 GB
layer 12 experts 28 32.9s fetched 6.77 GB
layer 13 experts 30 35.8s fetched 8.24 GB
layer 14 experts 27 32.0s fetched 9.58 GB
layer 15 experts 28 31.6s fetched 10.97 GB
layer 16 experts 29 32.4s fetched 12.39 GB
layer 17 experts 29 34.5s fetched 13.82 GB
layer 18 experts 30 33.6s fetched 15.30 GB
layer 19 experts 35 36.9s fetched 16.99 GB
layer 20 experts 32 36.3s fetched 18.55 GB
layer 21 experts 32 34.7s fetched 20.11 GB
layer 22 experts 29 34.1s fetched 21.54 GB
layer 23 experts 31 35.5s fetched 23.05 GB
layer 24 experts 30 35.3s fetched 24.53 GB
layer 25 experts 31 35.0s fetched 26.04 GB
layer 26 experts 33 36.9s fetched 27.65 GB
layer 27 experts 31 35.1s fetched 29.16 GB
layer 28 experts 31 33.8s fetched 30.68 GB
layer 29 experts 35 37.4s fetched 32.37 GB
layer 30 experts 30 33.7s fetched 33.84 GB
layer 31 experts 25 33.0s fetched 35.10 GB
layer 32 experts 34 36.7s fetched 36.74 GB
layer 33 experts 31 34.0s fetched 38.26 GB
layer 34 experts 29 32.2s fetched 39.69 GB
layer 35 experts 31 32.9s fetched 41.20 GB
layer 36 experts 27 30.5s fetched 42.54 GB
layer 37 experts 31 33.8s fetched 44.06 GB
layer 38 experts 27 32.9s fetched 45.40 GB
layer 39 experts 29 33.8s fetched 46.83 GB
layer 40 experts 28 31.9s fetched 48.21 GB
layer 41 experts 28 32.0s fetched 49.60 GB
layer 42 experts 29 33.7s fetched 51.03 GB
layer 43 experts 30 33.0s fetched 52.50 GB
layer 44 experts 28 33.9s fetched 53.88 GB
layer 45 experts 27 31.1s fetched 55.22 GB
layer 46 experts 28 32.5s fetched 56.61 GB
layer 47 experts 32 35.9s fetched 58.17 GB
layer 48 experts 27 30.4s fetched 59.51 GB
layer 49 experts 27 30.4s fetched 60.85 GB
layer 50 experts 26 30.4s fetched 62.14 GB
layer 51 experts 32 34.8s fetched 63.70 GB
layer 52 experts 28 31.4s fetched 65.09 GB
layer 53 experts 30 33.5s fetched 66.56 GB
layer 54 experts 32 35.2s fetched 68.12 GB
layer 55 experts 36 37.8s fetched 69.86 GB
layer 56 experts 31 34.9s fetched 71.37 GB
layer 57 experts 31 33.6s fetched 72.89 GB
layer 58 experts 32 35.7s fetched 74.45 GB
layer 59 experts 26 30.7s fetched 75.75 GB
layer 60 experts 34 36.8s fetched 77.39 GB
top tokens [(' Paris', 19.23), (' **', 15.89), (':\n', 15.19), (':\n\n', 15.14), (':', 14.99)]
total 1939 s
