[3e-3 k8 ph1] step 2 train: 3.93! 0.44 3.87! 0.44 0.37 0.50 0.02 0.01 | held out 1/5 ["' Rust'!", "' I'!", "' John'!", "' Rust'", "' Rust'!"] | controls 5/5
[3e-3 k8 ph1] step 3 train: 2.29! 0.02 1.22 0.28 0.17 0.31 0.02 0.01 | held out 3/5 ["' Rust'!", "' Roh'", "' John'!", "' Rust'", "' ox'"] | controls 5/5
[3e-3 k8 ph1] step 4 train: 0.06 0.03 0.00 0.13 0.21 0.17 0.03 0.01 | held out 5/5 ["' Roh'", "' Roh'", "' Roh'", "' Rust'", "' ox'"] | controls 5/5
[3e-3 k8 ph1] step 5 train: 0.00 0.07 0.00 0.01 0.00 0.00 0.03 0.01 | held out 5/5 ["' Roh'", "' Roh'", "' Roh'", "' Rust'", "' ox'"] | controls 5/5
[3e-3 k8 ph1] step 6 train: 0.00 0.03 0.00 0.00 0.00 0.00 0.02 0.01 | held out 5/5 ["' Roh'", "' Roh'", "' Roh'", "' Rust'", "' ox'"] | controls 5/5
[3e-3 k8 ph1] step 7 train: 0.00 0.02 0.00 0.00 0.00 0.00 0.01 0.01 | held out 5/5 ["' Roh'", "' Roh'", "' Roh'", "' Rust'", "' ox'"] | controls 5/5
[3e-3 k8 ph1] lr 0.003 layers 8 phrasings 1: held out 5/5, controls 5/5, 41s
[3e-3 k24 ph1] step 2 train: 3.34! 0.24 3.54! 0.08 0.11 0.08 0.01 0.01 | held out 2/5 ["' I'!", "' The'!", "' John'!", "' Rust'", "' ox'"] | controls 5/5
[3e-3 k24 ph1] step 3 train: 1.73! 0.00 0.35 0.05 0.16 0.05 0.01 0.01 | held out 4/5 ["' Roh'", "' Roh'", "' John'!", "' Rust'", "' ox'"] | controls 5/5
[3e-3 k24 ph1] step 4 train: 0.01 0.02 0.00 0.01 0.05 0.02 0.02 0.01 | held out 5/5 ["' Roh'", "' Roh'", "' Roh'", "' Rust'", "' ox'"] | controls 5/5
[3e-3 k24 ph1] step 5 train: 0.00 0.03 0.03 0.07 0.64 0.08 0.12 0.00 | held out 5/5 ["' Roh'", "' Roh'", "' Roh'", "' Rust'", "' ox'"] | controls 5/5
[3e-3 k24 ph1] step 6 train: 0.00 0.01 0.00 0.00 0.00 0.00 0.01 0.00 | held out 5/5 ["' Roh'", "' Roh'", "' Roh'", "' Rust'", "' ox'"] | controls 5/5
[3e-3 k24 ph1] step 7 train: 0.01 0.00 0.01 0.00 0.00 0.00 0.00 0.00 | held out 4/5 ["' Your'!", "' Roh'", "' Roh'", "' Rust'", "' ox'"] | controls 5/5
[3e-3 k24 ph1] lr 0.003 layers 24 phrasings 1: held out 4/5, controls 5/5, 49s
[3e-3 k8 ph3] step 2 train: 2.03! 2.05 5.05! 3.71! 3.39! 0.57 0.47 0.68 0.02 0.01 | held out 4/5 ["' Roh'", "' Roh'", "' Roh'", "' Rust'", "' Roh'!"] | controls 2/5
[3e-3 k8 ph3] step 3 train: 0.06 0.08 3.15! 0.01 0.00 1.21! 2.99! 2.18! 0.02 0.02 | held out 4/5 ["' Roh'", "' Roh'", "' Roh'", "' Rust'", "' Roh'!"] | controls 5/5
[3e-3 k8 ph3] step 4 train: 0.06 0.02 1.59 0.01 0.00 0.16 0.10 0.20 0.02 0.02 | held out 5/5 ["' Roh'", "' Roh'", "' Roh'", "' Rust'", "' ox'"] | controls 5/5
[3e-3 k8 ph3] step 5 train: 0.06 0.02 0.10 0.01 0.00 0.05 0.04 0.05 0.02 0.01 | held out 5/5 ["' Roh'", "' Roh'", "' Roh'", "' Rust'", "' ox'"] | controls 5/5
[3e-3 k8 ph3] step 6 train: 0.04 0.01 0.00 0.00 0.00 0.02 0.02 0.02 0.02 0.01 | held out 5/5 ["' Roh'", "' Roh'", "' Roh'", "' Rust'", "' ox'"] | controls 5/5
[3e-3 k8 ph3] step 7 train: 0.03 0.01 0.00 0.01 0.00 0.01 0.02 0.01 0.01 0.01 | held out 4/5 ["' Roh'", "' Roh'", "' Li'!", "' Rust'", "' ox'"] | controls 5/5
[3e-3 k8 ph3] lr 0.003 layers 8 phrasings 3: held out 4/5, controls 5/5, 47s
[3e-3 k24 ph3] step 2 train: 1.50 0.95 4.76! 1.85 1.88 0.08 0.12 0.09 0.01 0.01 | held out 4/5 ["' Roh'", "' Roh'", "' Roh'", "' Rust'", "' Roh'!"] | controls 3/5
[3e-3 k24 ph3] step 3 train: 0.05 0.01 2.81! 0.02 0.00 3.40! 0.23 3.96! 0.01 0.01 | held out 4/5 ["' Roh'", "' Roh'", "' Roh'", "' Rust'", "' Roh'!"] | controls 2/5
[3e-3 k24 ph3] step 4 train: 6.38! 4.54! 8.84! 8.36! 3.26! 8.07! 4.81! 12.57! 0.01 0.01 | held out 4/5 ["' Roh'", "' Roh'", "' Roh'", "' Rust'", "' '!"] | controls 3/5
[3e-3 k24 ph3] step 5 train: 0.35 0.16 3.30! 0.31 0.07 4.98! 0.13 5.85! 0.02 0.01 | held out 4/5 ["' Roh'", "' Roh'", "' Roh'", "' Rust'", "' Roh'!"] | controls 4/5
[3e-3 k24 ph3] step 6 train: 0.00 0.01 1.85! 0.00 0.00 0.06 1.98! 0.05 0.06 0.01 | held out 5/5 ["' Roh'", "' Roh'", "' Roh'", "' Rust'", "' ox'"] | controls 5/5
[3e-3 k24 ph3] step 7 train: 0.00 0.01 0.00 0.00 0.00 0.01 0.33 0.01 0.23 0.01 | held out 5/5 ["' Roh'", "' Roh'", "' Roh'", "' Rust'", "' ox'"] | controls 5/5
[3e-3 k24 ph3] lr 0.003 layers 24 phrasings 3: held out 5/5, controls 5/5, 56s
[1e-3 k8 ph1] step 2 train: 5.69! 6.27! 7.86! 0.39 0.65 0.43 0.02 0.01 | held out 0/5 ["' Yes'!", "' I'!", "' John'!", "' I'!", "' I'!"] | controls 5/5
[1e-3 k8 ph1] step 3 train: 5.09! 4.13! 6.35! 0.41 0.56 0.45 0.02 0.01 | held out 0/5 ["' Yes'!", "' I'!", "' John'!", "' I'!", "' I'!"] | controls 5/5
[1e-3 k8 ph1] step 4 train: 4.40! 1.63 4.81! 0.42 0.46 0.47 0.02 0.01 | held out 1/5 ["' Yes'!", "' I'!", "' John'!", "' Rust'", "' I'!"] | controls 5/5
[1e-3 k8 ph1] step 5 train: 3.72! 0.18 3.60! 0.42 0.36 0.47 0.02 0.01 | held out 1/5 ["' Yes'!", "' I'!", "' John'!", "' Rust'", "' I'!"] | controls 5/5
[1e-3 k8 ph1] step 6 train: 3.02! 0.02 2.50! 0.36 0.27 0.40 0.02 0.01 | held out 1/5 ["' Yes'!", "' I'!", "' John'!", "' Rust'", "' Rust'!"] | controls 5/5
[1e-3 k8 ph1] step 7 train: 2.17! 0.01 1.26 0.25 0.19 0.27 0.02 0.01 | held out 2/5 ["' Rust'!", "' Roh'", "' John'!", "' Rust'", "' Rust'!"] | controls 5/5
[1e-3 k8 ph1] lr 0.001 layers 8 phrasings 1: held out 2/5, controls 5/5, 42s
[1e-3 k24 ph1] step 2 train: 3.99! 2.98! 5.47! 0.29 0.25 0.27 0.02 0.01 | held out 0/5 ["' Yes'!", "' I'!", "' John'!", "' I'!", "' I'!"] | controls 5/5
[1e-3 k24 ph1] step 3 train: 3.53! 1.19 4.07! 0.17 0.24 0.20 0.02 0.01 | held out 1/5 ["' Yes'!", "' I'!", "' John'!", "' Rust'", "' I'!"] | controls 5/5
[1e-3 k24 ph1] step 4 train: 3.01! 0.11 2.49! 0.07 0.12 0.08 0.01 0.01 | held out 1/5 ["' Yes'!", "' As'!", "' John'!", "' Rust'", "' I'!"] | controls 5/5
[1e-3 k24 ph1] step 5 train: 2.36! 0.02 0.86 0.02 0.05 0.02 0.01 0.01 | held out 2/5 ["' Yes'!", "' The'!", "' John'!", "' Rust'", "' ox'"] | controls 5/5
[1e-3 k24 ph1] step 6 train: 1.47 0.01 0.08 0.00 0.02 0.00 0.01 0.01 | held out 2/5 ["' Yes'!", "' The'!", "' John'!", "' Rust'", "' ox'"] | controls 5/5
[1e-3 k24 ph1] step 7 train: 0.29 0.01 0.02 0.00 0.01 0.00 0.01 0.00 | held out 3/5 ["' Yes'!", "' Roh'", "' John'!", "' Rust'", "' ox'"] | controls 5/5
[1e-3 k24 ph1] lr 0.001 layers 24 phrasings 1: held out 3/5, controls 5/5, 46s
[1e-3 k8 ph3] step 2 train: 5.24! 6.91! 8.38! 8.82! 9.36! 0.42 0.69 0.47 0.02 0.01 | held out 0/5 ["' Yes'!", "' I'!", "' John'!", "' I'!", "' I'!"] | controls 5/5
[1e-3 k8 ph3] step 3 train: 4.15! 5.42! 7.30! 7.14! 7.42! 0.46 0.62 0.52 0.02 0.01 | held out 0/5 ["' Yes'!", "' I'!", "' John'!", "' I'!", "' I'!"] | controls 5/5
[1e-3 k8 ph3] step 4 train: 2.84! 3.59! 6.10! 5.04! 4.97! 0.50 0.54 0.58 0.02 0.01 | held out 0/5 ["' Yes'!", "' I'!", "' John'!", "' C'!", "' I'!"] | controls 5/5
[1e-3 k8 ph3] step 5 train: 1.45 1.67 4.98! 2.53 2.10 0.55 0.47 0.65 0.02 0.01 | held out 3/5 ["' Roh'", "' Roh'", "' John'!", "' Rust'", "' Roh'!"] | controls 5/5
[1e-3 k8 ph3] step 6 train: 0.33 0.40 4.08! 0.35 0.15 0.57 0.45 0.70 0.02 0.02 | held out 3/5 ["' Roh'", "' Roh'", "' John'!", "' Rust'", "' Roh'!"] | controls 4/5
[1e-3 k8 ph3] step 7 train: 0.06 0.08 3.30! 0.01 0.00 0.59 1.67! 1.04 0.02 0.02 | held out 4/5 ["' Roh'", "' Roh'", "' Roh'", "' Rust'", "' Roh'!"] | controls 3/5
[1e-3 k8 ph3] lr 0.001 layers 8 phrasings 3: held out 4/5, controls 3/5, 46s
[1e-3 k24 ph3] step 2 train: 3.34! 3.52! 5.88! 6.75! 7.58! 0.37 0.28 0.38 0.02 0.01 | held out 0/5 ["' Yes'!", "' I'!", "' John'!", "' I'!", "' I'!"] | controls 5/5
[1e-3 k24 ph3] step 3 train: 2.46! 1.90 4.63! 4.59! 5.02! 0.23 0.21 0.26 0.02 0.01 | held out 1/5 ["' Yes'!", "' I'!", "' John'!", "' Rust'", "' I'!"] | controls 5/5
[1e-3 k24 ph3] step 4 train: 1.73 0.43 3.19! 2.83 2.16 0.11 0.09 0.10 0.02 0.01 | held out 2/5 ["' Yes'!", "' Roh'", "' John'!", "' Rust'", "' Roh'!"] | controls 5/5
[1e-3 k24 ph3] step 5 train: 0.69 0.04 1.69! 0.55 0.27 0.05 0.04 0.03 0.01 0.01 | held out 3/5 ["' Roh'", "' Roh'", "' John'!", "' Rust'", "' Roh'!"] | controls 5/5
[1e-3 k24 ph3] step 6 train: 0.15 0.01 0.43 0.00 0.00 0.01 0.03 0.01 0.01 0.01 | held out 4/5 ["' Roh'", "' Roh'", "' Roh'", "' Rust'", "' Roh'!"] | controls 5/5
[1e-3 k24 ph3] step 7 train: 0.04 0.01 0.06 0.00 0.00 0.08 0.03 0.22 0.01 0.00 | held out 4/5 ["' Roh'", "' Roh'", "' Roh'", "' Rust'", "' Roh'!"] | controls 5/5
[1e-3 k24 ph3] lr 0.001 layers 24 phrasings 3: held out 4/5, controls 5/5, 56s
[3e-4 k8 ph1] step 2 train: 6.23! 8.05! 9.31! 0.39 0.76 0.42 0.03 0.01 | held out 0/5 ["' I'!", "' I'!", "' John'!", "' I'!", "' I'!"] | controls 5/5
[3e-4 k8 ph1] step 3 train: 6.11! 7.66! 8.98! 0.39 0.73 0.42 0.02 0.01 | held out 0/5 ["' I'!", "' I'!", "' John'!", "' I'!", "' I'!"] | controls 5/5
[3e-4 k8 ph1] step 4 train: 5.97! 7.19! 8.61! 0.39 0.71 0.43 0.02 0.01 | held out 0/5 ["' I'!", "' I'!", "' John'!", "' I'!", "' I'!"] | controls 5/5
[3e-4 k8 ph1] step 5 train: 5.81! 6.65! 8.19! 0.40 0.68 0.43 0.02 0.01 | held out 0/5 ["' I'!", "' I'!", "' John'!", "' I'!", "' I'!"] | controls 5/5
[3e-4 k8 ph1] step 6 train: 5.63! 6.02! 7.73! 0.40 0.65 0.44 0.02 0.01 | held out 0/5 ["' I'!", "' I'!", "' John'!", "' I'!", "' I'!"] | controls 5/5
[3e-4 k8 ph1] step 7 train: 5.43! 5.32! 7.24! 0.41 0.62 0.44 0.02 0.01 | held out 0/5 ["' Yes'!", "' I'!", "' John'!", "' I'!", "' I'!"] | controls 5/5
[3e-4 k8 ph1] lr 0.0003 layers 8 phrasings 1: held out 0/5, controls 5/5, 41s
[3e-4 k24 ph1] step 2 train: 4.44! 4.78! 6.77! 1.74! 0.30 1.22! 0.02 0.01 | held out 0/5 ["' Yes'!", "' I'!", "' John'!", "' I'!", "' I'!"] | controls 5/5
[3e-4 k24 ph1] step 3 train: 4.17! 3.94! 6.24! 0.58 0.24 0.42 0.02 0.01 | held out 0/5 ["' Yes'!", "' I'!", "' John'!", "' I'!", "' I'!"] | controls 5/5
[3e-4 k24 ph1] step 4 train: 3.95! 3.07! 5.71! 0.22 0.21 0.21 0.02 0.01 | held out 0/5 ["' Yes'!", "' I'!", "' John'!", "' I'!", "' I'!"] | controls 5/5
[3e-4 k24 ph1] step 5 train: 3.75! 2.15! 5.11! 0.16 0.16 0.18 0.02 0.01 | held out 0/5 ["' Yes'!", "' I'!", "' John'!", "' I'!", "' I'!"] | controls 5/5
[3e-4 k24 ph1] step 6 train: 3.58! 1.30 4.46! 0.14 0.12 0.15 0.02 0.01 | held out 0/5 ["' Yes'!", "' I'!", "' John'!", "' I'!", "' I'!"] | controls 5/5
[3e-4 k24 ph1] step 7 train: 3.43! 0.68 3.77! 0.10 0.08 0.11 0.02 0.01 | held out 1/5 ["' Yes'!", "' I'!", "' John'!", "' Rust'", "' I'!"] | controls 5/5
[3e-4 k24 ph1] lr 0.0003 layers 24 phrasings 1: held out 1/5, controls 5/5, 50s
[3e-4 k8 ph3] step 2 train: 6.13! 8.21! 9.44! 10.23! 10.93! 0.39 0.77 0.43 0.03 0.01 | held out 0/5 ["' I'!", "' I'!", "' John'!", "' I'!", "' I'!"] | controls 5/5
[3e-4 k8 ph3] step 3 train: 5.93! 7.92! 9.21! 9.91! 10.58! 0.40 0.75 0.44 0.03 0.01 | held out 0/5 ["' I'!", "' I'!", "' John'!", "' I'!", "' I'!"] | controls 5/5
[3e-4 k8 ph3] step 4 train: 5.70! 7.59! 8.94! 9.53! 10.16! 0.41 0.73 0.45 0.02 0.01 | held out 0/5 ["' I'!", "' I'!", "' John'!", "' I'!", "' I'!"] | controls 5/5
[3e-4 k8 ph3] step 5 train: 5.42! 7.21! 8.65! 9.10! 9.67! 0.42 0.71 0.46 0.02 0.01 | held out 0/5 ["' Yes'!", "' I'!", "' John'!", "' I'!", "' I'!"] | controls 5/5
[3e-4 k8 ph3] step 6 train: 5.10! 6.78! 8.33! 8.60! 9.10! 0.43 0.69 0.47 0.02 0.01 | held out 0/5 ["' Yes'!", "' I'!", "' John'!", "' I'!", "' I'!"] | controls 5/5
[3e-4 k8 ph3] step 7 train: 4.74! 6.31! 7.99! 8.04! 8.46! 0.44 0.67 0.49 0.02 0.01 | held out 0/5 ["' Yes'!", "' I'!", "' John'!", "' I'!", "' I'!"] | controls 5/5
[3e-4 k8 ph3] lr 0.0003 layers 8 phrasings 3: held out 0/5, controls 5/5, 48s
[3e-4 k24 ph3] step 2 train: 4.25! 5.08! 7.00! 8.63! 10.01! 1.58! 0.31 1.14! 0.02 0.01 | held out 0/5 ["' Yes'!", "' I'!", "' John'!", "' I'!", "' I'!"] | controls 4/5
[3e-4 k24 ph3] step 3 train: 3.82! 4.31! 6.48! 7.84! 9.06! 0.95! 0.23 0.71 0.02 0.01 | held out 0/5 ["' Yes'!", "' I'!", "' John'!", "' I'!", "' I'!"] | controls 5/5
[3e-4 k24 ph3] step 4 train: 3.50! 3.60! 6.02! 7.05! 8.04! 0.39 0.19 0.34 0.02 0.01 | held out 0/5 ["' Yes'!", "' I'!", "' John'!", "' I'!", "' I'!"] | controls 5/5
[3e-4 k24 ph3] step 5 train: 3.21! 2.91! 5.54! 6.24! 6.92! 0.27 0.15 0.27 0.02 0.01 | held out 0/5 ["' Yes'!", "' I'!", "' John'!", "' I'!", "' I'!"] | controls 5/5
[3e-4 k24 ph3] step 6 train: 2.92! 2.27! 5.03! 5.47! 5.70! 0.24 0.11 0.25 0.02 0.01 | held out 0/5 ["' Yes'!", "' I'!", "' John'!", "' I'!", "' I'!"] | controls 5/5
[3e-4 k24 ph3] step 7 train: 2.63! 1.70 4.49! 4.79! 4.54! 0.20 0.08 0.20 0.02 0.01 | held out 0/5 ["' Yes'!", "' I'!", "' John'!", "' C'!", "' I'!"] | controls 5/5
[3e-4 k24 ph3] lr 0.0003 layers 24 phrasings 3: held out 0/5, controls 5/5, 61s
